<?xml version="1.0" encoding="utf-8"?>
<Map xmlns:xsd="http://www.w3.org/2001/XMLSchema" xmlns:xsi="http://www.w3.org/2001/XMLSchema-instance">
  <Objects>
    <MapObject>
      <Type>Prop</Type>
      <Position>
        <X>-1586.29907</X>
        <Y>-580.6362</Y>
        <Z>85.50048</Z>
      </Position>
      <Rotation>
        <X>0</X>
        <Y>0</Y>
        <Z>-53.89992</Z>
      </Rotation>
      <Hash>181040912</Hash>
      <Dynamic>false</Dynamic>
      <Quaternion>
        <X>0</X>
        <Y>0</Y>
        <Z>-0.453212172</Z>
        <W>0.891402662</W>
      </Quaternion>
      <Door>false</Door>
    </MapObject>
    <MapObject>
      <Type>Prop</Type>
      <Position>
        <X>-1589.32751</X>
        <Y>-576.4656</Y>
        <Z>85.50047</Z>
      </Position>
      <Rotation>
        <X>0</X>
        <Y>0</Y>
        <Z>-53.89992</Z>
      </Rotation>
      <Hash>181040912</Hash>
      <Dynamic>false</Dynamic>
      <Quaternion>
        <X>0</X>
        <Y>0</Y>
        <Z>-0.453212172</Z>
        <W>0.891402662</W>
      </Quaternion>
      <Door>false</Door>
    </MapObject>
    <MapObject>
      <Type>Prop</Type>
      <Position>
        <X>-1592.35193</X>
        <Y>-572.313843</Y>
        <Z>85.50047</Z>
      </Position>
      <Rotation>
        <X>0</X>
        <Y>0</Y>
        <Z>-53.89992</Z>
      </Rotation>
      <Hash>181040912</Hash>
      <Dynamic>false</Dynamic>
      <Quaternion>
        <X>0</X>
        <Y>0</Y>
        <Z>-0.453212172</Z>
        <W>0.891402662</W>
      </Quaternion>
      <Door>false</Door>
    </MapObject>
    <MapObject>
      <Type>Prop</Type>
      <Position>
        <X>-1594.90955</X>
        <Y>-568.8082</Y>
        <Z>85.50047</Z>
      </Position>
      <Rotation>
        <X>0</X>
        <Y>0</Y>
        <Z>-53.89992</Z>
      </Rotation>
      <Hash>181040912</Hash>
      <Dynamic>false</Dynamic>
      <Quaternion>
        <X>0</X>
        <Y>0</Y>
        <Z>-0.453212172</Z>
        <W>0.891402662</W>
      </Quaternion>
      <Door>false</Door>
    </MapObject>
    <MapObject>
      <Type>Prop</Type>
      <Position>
        <X>-1586.29907</X>
        <Y>-580.6362</Y>
        <Z>88.29</Z>
      </Position>
      <Rotation>
        <X>0</X>
        <Y>0</Y>
        <Z>-53.89992</Z>
      </Rotation>
      <Hash>181040912</Hash>
      <Dynamic>false</Dynamic>
      <Quaternion>
        <X>0</X>
        <Y>0</Y>
        <Z>-0.453212172</Z>
        <W>0.891402662</W>
      </Quaternion>
      <Door>false</Door>
    </MapObject>
    <MapObject>
      <Type>Prop</Type>
      <Position>
        <X>-1589.32751</X>
        <Y>-576.4656</Y>
        <Z>88.29</Z>
      </Position>
      <Rotation>
        <X>0</X>
        <Y>0</Y>
        <Z>-53.89992</Z>
      </Rotation>
      <Hash>181040912</Hash>
      <Dynamic>false</Dynamic>
      <Quaternion>
        <X>0</X>
        <Y>0</Y>
        <Z>-0.453212172</Z>
        <W>0.891402662</W>
      </Quaternion>
      <Door>false</Door>
    </MapObject>
    <MapObject>
      <Type>Prop</Type>
      <Position>
        <X>-1592.35193</X>
        <Y>-572.313843</Y>
        <Z>88.29</Z>
      </Position>
      <Rotation>
        <X>0</X>
        <Y>0</Y>
        <Z>-53.89992</Z>
      </Rotation>
      <Hash>181040912</Hash>
      <Dynamic>false</Dynamic>
      <Quaternion>
        <X>0</X>
        <Y>0</Y>
        <Z>-0.453212172</Z>
        <W>0.891402662</W>
      </Quaternion>
      <Door>false</Door>
    </MapObject>
    <MapObject>
      <Type>Prop</Type>
      <Position>
        <X>-1594.90955</X>
        <Y>-568.8082</Y>
        <Z>88.29</Z>
      </Position>
      <Rotation>
        <X>0</X>
        <Y>0</Y>
        <Z>-53.89992</Z>
      </Rotation>
      <Hash>181040912</Hash>
      <Dynamic>false</Dynamic>
      <Quaternion>
        <X>0</X>
        <Y>0</Y>
        <Z>-0.453212172</Z>
        <W>0.891402662</W>
      </Quaternion>
      <Door>false</Door>
    </MapObject>
    <MapObject>
      <Type>Prop</Type>
      <Position>
        <X>-1586.29907</X>
        <Y>-580.6362</Y>
        <Z>91.08</Z>
      </Position>
      <Rotation>
        <X>0</X>
        <Y>0</Y>
        <Z>-53.89992</Z>
      </Rotation>
      <Hash>181040912</Hash>
      <Dynamic>false</Dynamic>
      <Quaternion>
        <X>0</X>
        <Y>0</Y>
        <Z>-0.453212172</Z>
        <W>0.891402662</W>
      </Quaternion>
      <Door>false</Door>
    </MapObject>
    <MapObject>
      <Type>Prop</Type>
      <Position>
        <X>-1589.32751</X>
        <Y>-576.4656</Y>
        <Z>91.08</Z>
      </Position>
      <Rotation>
        <X>0</X>
        <Y>0</Y>
        <Z>-53.89992</Z>
      </Rotation>
      <Hash>181040912</Hash>
      <Dynamic>false</Dynamic>
      <Quaternion>
        <X>0</X>
        <Y>0</Y>
        <Z>-0.453212172</Z>
        <W>0.891402662</W>
      </Quaternion>
      <Door>false</Door>
    </MapObject>
    <MapObject>
      <Type>Prop</Type>
      <Position>
        <X>-1592.35193</X>
        <Y>-572.313843</Y>
        <Z>91.08</Z>
      </Position>
      <Rotation>
        <X>0</X>
        <Y>0</Y>
        <Z>-53.89992</Z>
      </Rotation>
      <Hash>181040912</Hash>
      <Dynamic>false</Dynamic>
      <Quaternion>
        <X>0</X>
        <Y>0</Y>
        <Z>-0.453212172</Z>
        <W>0.891402662</W>
      </Quaternion>
      <Door>false</Door>
    </MapObject>
    <MapObject>
      <Type>Prop</Type>
      <Position>
        <X>-1594.90955</X>
        <Y>-568.8082</Y>
        <Z>91.08</Z>
      </Position>
      <Rotation>
        <X>0</X>
        <Y>0</Y>
        <Z>-53.89992</Z>
      </Rotation>
      <Hash>181040912</Hash>
      <Dynamic>false</Dynamic>
      <Quaternion>
        <X>0</X>
        <Y>0</Y>
        <Z>-0.453212172</Z>
        <W>0.891402662</W>
      </Quaternion>
      <Door>false</Door>
    </MapObject>
    <MapObject>
      <Type>Prop</Type>
      <Position>
        <X>-1586.29907</X>
        <Y>-580.6362</Y>
        <Z>93.87</Z>
      </Position>
      <Rotation>
        <X>0</X>
        <Y>0</Y>
        <Z>-53.89992</Z>
      </Rotation>
      <Hash>181040912</Hash>
      <Dynamic>false</Dynamic>
      <Quaternion>
        <X>0</X>
        <Y>0</Y>
        <Z>-0.453212172</Z>
        <W>0.891402662</W>
      </Quaternion>
      <Door>false</Door>
    </MapObject>
    <MapObject>
      <Type>Prop</Type>
      <Position>
        <X>-1586.29907</X>
        <Y>-580.6362</Y>
        <Z>96.65</Z>
      </Position>
      <Rotation>
        <X>0</X>
        <Y>0</Y>
        <Z>-53.89992</Z>
      </Rotation>
      <Hash>181040912</Hash>
      <Dynamic>false</Dynamic>
      <Quaternion>
        <X>0</X>
        <Y>0</Y>
        <Z>-0.453212172</Z>
        <W>0.891402662</W>
      </Quaternion>
      <Door>false</Door>
    </MapObject>
    <MapObject>
      <Type>Prop</Type>
      <Position>
        <X>-1589.32751</X>
        <Y>-576.4656</Y>
        <Z>93.87</Z>
      </Position>
      <Rotation>
        <X>0</X>
        <Y>0</Y>
        <Z>-53.89992</Z>
      </Rotation>
      <Hash>181040912</Hash>
      <Dynamic>false</Dynamic>
      <Quaternion>
        <X>0</X>
        <Y>0</Y>
        <Z>-0.453212172</Z>
        <W>0.891402662</W>
      </Quaternion>
      <Door>false</Door>
    </MapObject>
    <MapObject>
      <Type>Prop</Type>
      <Position>
        <X>-1589.32751</X>
        <Y>-576.4656</Y>
        <Z>96.65</Z>
      </Position>
      <Rotation>
        <X>0</X>
        <Y>0</Y>
        <Z>-53.89992</Z>
      </Rotation>
      <Hash>181040912</Hash>
      <Dynamic>false</Dynamic>
      <Quaternion>
        <X>0</X>
        <Y>0</Y>
        <Z>-0.453212172</Z>
        <W>0.891402662</W>
      </Quaternion>
      <Door>false</Door>
    </MapObject>
    <MapObject>
      <Type>Prop</Type>
      <Position>
        <X>-1592.35193</X>
        <Y>-572.313843</Y>
        <Z>93.87</Z>
      </Position>
      <Rotation>
        <X>0</X>
        <Y>0</Y>
        <Z>-53.89992</Z>
      </Rotation>
      <Hash>181040912</Hash>
      <Dynamic>false</Dynamic>
      <Quaternion>
        <X>0</X>
        <Y>0</Y>
        <Z>-0.453212172</Z>
        <W>0.891402662</W>
      </Quaternion>
      <Door>false</Door>
    </MapObject>
    <MapObject>
      <Type>Prop</Type>
      <Position>
        <X>-1592.35193</X>
        <Y>-572.313843</Y>
        <Z>96.66</Z>
      </Position>
      <Rotation>
        <X>0</X>
        <Y>0</Y>
        <Z>-53.89992</Z>
      </Rotation>
      <Hash>181040912</Hash>
      <Dynamic>false</Dynamic>
      <Quaternion>
        <X>0</X>
        <Y>0</Y>
        <Z>-0.453212172</Z>
        <W>0.891402662</W>
      </Quaternion>
      <Door>false</Door>
    </MapObject>
    <MapObject>
      <Type>Prop</Type>
      <Position>
        <X>-1594.90955</X>
        <Y>-568.8082</Y>
        <Z>93.87</Z>
      </Position>
      <Rotation>
        <X>0</X>
        <Y>0</Y>
        <Z>-53.89992</Z>
      </Rotation>
      <Hash>181040912</Hash>
      <Dynamic>false</Dynamic>
      <Quaternion>
        <X>0</X>
        <Y>0</Y>
        <Z>-0.453212172</Z>
        <W>0.891402662</W>
      </Quaternion>
      <Door>false</Door>
    </MapObject>
    <MapObject>
      <Type>Prop</Type>
      <Position>
        <X>-1594.90955</X>
        <Y>-568.8082</Y>
        <Z>96.66</Z>
      </Position>
      <Rotation>
        <X>0</X>
        <Y>0</Y>
        <Z>-53.89992</Z>
      </Rotation>
      <Hash>181040912</Hash>
      <Dynamic>false</Dynamic>
      <Quaternion>
        <X>0</X>
        <Y>0</Y>
        <Z>-0.453212172</Z>
        <W>0.891402662</W>
      </Quaternion>
      <Door>false</Door>
    </MapObject>
    <MapObject>
      <Type>Prop</Type>
      <Position>
        <X>-1578.43347</X>
        <Y>-576.7389</Y>
        <Z>85.5</Z>
      </Position>
      <Rotation>
        <X>0</X>
        <Y>-0</Y>
        <Z>0</Z>
      </Rotation>
      <Hash>-1158647893</Hash>
      <Dynamic>false</Dynamic>
      <Quaternion>
        <X>0</X>
        <Y>0</Y>
        <Z>0</Z>
        <W>1</W>
      </Quaternion>
      <Door>false</Door>
    </MapObject>
    <MapObject>
      <Type>Prop</Type>
      <Position>
        <X>-1584.83142</X>
        <Y>-582.722656</Y>
        <Z>100.800095</Z>
      </Position>
      <Rotation>
        <X>0</X>
        <Y>0</Y>
        <Z>-54.0999336</Z>
      </Rotation>
      <Hash>368191321</Hash>
      <Dynamic>false</Dynamic>
      <Quaternion>
        <X>0</X>
        <Y>0</Y>
        <Z>-0.454767376</Z>
        <W>0.8906102</W>
      </Quaternion>
      <Door>false</Door>
    </MapObject>
    <MapObject>
      <Type>Prop</Type>
      <Position>
        <X>-1587.1405</X>
        <Y>-579.5561</Y>
        <Z>100.79126</Z>
      </Position>
      <Rotation>
        <X>0</X>
        <Y>0</Y>
        <Z>-54.099926</Z>
      </Rotation>
      <Hash>368191321</Hash>
      <Dynamic>false</Dynamic>
      <Quaternion>
        <X>0</X>
        <Y>0</Y>
        <Z>-0.454767346</Z>
        <W>0.8906103</W>
      </Quaternion>
      <Door>false</Door>
    </MapObject>
    <MapObject>
      <Type>Prop</Type>
      <Position>
        <X>-1587.71582</X>
        <Y>-578.7671</Y>
        <Z>100.791626</Z>
      </Position>
      <Rotation>
        <X>0</X>
        <Y>0</Y>
        <Z>-54.099926</Z>
      </Rotation>
      <Hash>368191321</Hash>
      <Dynamic>false</Dynamic>
      <Quaternion>
        <X>0</X>
        <Y>0</Y>
        <Z>-0.454767346</Z>
        <W>0.8906103</W>
      </Quaternion>
      <Door>false</Door>
    </MapObject>
    <MapObject>
      <Type>Prop</Type>
      <Position>
        <X>-1588.29407</X>
        <Y>-577.9741</Y>
        <Z>100.786919</Z>
      </Position>
      <Rotation>
        <X>0</X>
        <Y>0</Y>
        <Z>-54.099926</Z>
      </Rotation>
      <Hash>368191321</Hash>
      <Dynamic>false</Dynamic>
      <Quaternion>
        <X>0</X>
        <Y>0</Y>
        <Z>-0.454767346</Z>
        <W>0.8906103</W>
      </Quaternion>
      <Door>false</Door>
    </MapObject>
    <MapObject>
      <Type>Prop</Type>
      <Position>
        <X>-1588.87268</X>
        <Y>-577.180664</Y>
        <Z>100.784744</Z>
      </Position>
      <Rotation>
        <X>0</X>
        <Y>0</Y>
        <Z>-54.099926</Z>
      </Rotation>
      <Hash>368191321</Hash>
      <Dynamic>false</Dynamic>
      <Quaternion>
        <X>0</X>
        <Y>0</Y>
        <Z>-0.454767346</Z>
        <W>0.8906103</W>
      </Quaternion>
      <Door>false</Door>
    </MapObject>
    <MapObject>
      <Type>Prop</Type>
      <Position>
        <X>-1589.454</X>
        <Y>-576.3836</Y>
        <Z>100.777565</Z>
      </Position>
      <Rotation>
        <X>0</X>
        <Y>0</Y>
        <Z>-54.099926</Z>
      </Rotation>
      <Hash>368191321</Hash>
      <Dynamic>false</Dynamic>
      <Quaternion>
        <X>0</X>
        <Y>0</Y>
        <Z>-0.454767346</Z>
        <W>0.8906103</W>
      </Quaternion>
      <Door>false</Door>
    </MapObject>
    <MapObject>
      <Type>Prop</Type>
      <Position>
        <X>-1590.03015</X>
        <Y>-575.5929</Y>
        <Z>100.776649</Z>
      </Position>
      <Rotation>
        <X>0</X>
        <Y>0</Y>
        <Z>-54.099926</Z>
      </Rotation>
      <Hash>368191321</Hash>
      <Dynamic>false</Dynamic>
      <Quaternion>
        <X>0</X>
        <Y>0</Y>
        <Z>-0.454767346</Z>
        <W>0.8906103</W>
      </Quaternion>
      <Door>false</Door>
    </MapObject>
    <MapObject>
      <Type>Prop</Type>
      <Position>
        <X>-1590.59521</X>
        <Y>-574.794556</Y>
        <Z>100.776855</Z>
      </Position>
      <Rotation>
        <X>0</X>
        <Y>0</Y>
        <Z>-54.099926</Z>
      </Rotation>
      <Hash>368191321</Hash>
      <Dynamic>false</Dynamic>
      <Quaternion>
        <X>0</X>
        <Y>0</Y>
        <Z>-0.454767346</Z>
        <W>0.8906103</W>
      </Quaternion>
      <Door>false</Door>
    </MapObject>
    <MapObject>
      <Type>Prop</Type>
      <Position>
        <X>-1591.16614</X>
        <Y>-574.0005</Y>
        <Z>100.7706</Z>
      </Position>
      <Rotation>
        <X>0</X>
        <Y>0</Y>
        <Z>-54.099926</Z>
      </Rotation>
      <Hash>368191321</Hash>
      <Dynamic>false</Dynamic>
      <Quaternion>
        <X>0</X>
        <Y>0</Y>
        <Z>-0.454767346</Z>
        <W>0.8906103</W>
      </Quaternion>
      <Door>false</Door>
    </MapObject>
    <MapObject>
      <Type>Prop</Type>
      <Position>
        <X>-1591.7384</X>
        <Y>-573.207336</Y>
        <Z>100.770523</Z>
      </Position>
      <Rotation>
        <X>0</X>
        <Y>0</Y>
        <Z>-54.099926</Z>
      </Rotation>
      <Hash>368191321</Hash>
      <Dynamic>false</Dynamic>
      <Quaternion>
        <X>0</X>
        <Y>0</Y>
        <Z>-0.454767346</Z>
        <W>0.8906103</W>
      </Quaternion>
      <Door>false</Door>
    </MapObject>
    <MapObject>
      <Type>Prop</Type>
      <Position>
        <X>-1592.31018</X>
        <Y>-572.4139</Y>
        <Z>100.768494</Z>
      </Position>
      <Rotation>
        <X>0</X>
        <Y>0</Y>
        <Z>-54.099926</Z>
      </Rotation>
      <Hash>368191321</Hash>
      <Dynamic>false</Dynamic>
      <Quaternion>
        <X>0</X>
        <Y>0</Y>
        <Z>-0.454767346</Z>
        <W>0.8906103</W>
      </Quaternion>
      <Door>false</Door>
    </MapObject>
    <MapObject>
      <Type>Prop</Type>
      <Position>
        <X>-1592.89783</X>
        <Y>-571.638855</Y>
        <Z>100.763763</Z>
      </Position>
      <Rotation>
        <X>0</X>
        <Y>0</Y>
        <Z>-54.099926</Z>
      </Rotation>
      <Hash>368191321</Hash>
      <Dynamic>false</Dynamic>
      <Quaternion>
        <X>0</X>
        <Y>0</Y>
        <Z>-0.454767346</Z>
        <W>0.8906103</W>
      </Quaternion>
      <Door>false</Door>
    </MapObject>
    <MapObject>
      <Type>Prop</Type>
      <Position>
        <X>-1593.47437</X>
        <Y>-570.84375</Y>
        <Z>100.761566</Z>
      </Position>
      <Rotation>
        <X>0</X>
        <Y>0</Y>
        <Z>-54.099926</Z>
      </Rotation>
      <Hash>368191321</Hash>
      <Dynamic>false</Dynamic>
      <Quaternion>
        <X>0</X>
        <Y>0</Y>
        <Z>-0.454767346</Z>
        <W>0.8906103</W>
      </Quaternion>
      <Door>false</Door>
    </MapObject>
    <MapObject>
      <Type>Prop</Type>
      <Position>
        <X>-1594.05115</X>
        <Y>-570.0485</Y>
        <Z>100.767517</Z>
      </Position>
      <Rotation>
        <X>0</X>
        <Y>0</Y>
        <Z>-54.099926</Z>
      </Rotation>
      <Hash>368191321</Hash>
      <Dynamic>false</Dynamic>
      <Quaternion>
        <X>0</X>
        <Y>0</Y>
        <Z>-0.454767346</Z>
        <W>0.8906103</W>
      </Quaternion>
      <Door>false</Door>
    </MapObject>
    <MapObject>
      <Type>Prop</Type>
      <Position>
        <X>-1594.62769</X>
        <Y>-569.25354</Y>
        <Z>100.767731</Z>
      </Position>
      <Rotation>
        <X>0</X>
        <Y>0</Y>
        <Z>-54.099926</Z>
      </Rotation>
      <Hash>368191321</Hash>
      <Dynamic>false</Dynamic>
      <Quaternion>
        <X>0</X>
        <Y>0</Y>
        <Z>-0.454767346</Z>
        <W>0.8906103</W>
      </Quaternion>
      <Door>false</Door>
    </MapObject>
    <MapObject>
      <Type>Prop</Type>
      <Position>
        <X>-1595.04</X>
        <Y>-568.69</Y>
        <Z>100.7626</Z>
      </Position>
      <Rotation>
        <X>0</X>
        <Y>0</Y>
        <Z>-54.099926</Z>
      </Rotation>
      <Hash>368191321</Hash>
      <Dynamic>false</Dynamic>
      <Quaternion>
        <X>0</X>
        <Y>0</Y>
        <Z>-0.454767346</Z>
        <W>0.8906103</W>
      </Quaternion>
      <Door>false</Door>
    </MapObject>
    <MapObject>
      <Type>Prop</Type>
      <Position>
        <X>-1566.06982</X>
        <Y>-572.3</Y>
        <Z>86.61921</Z>
      </Position>
      <Rotation>
        <X>0</X>
        <Y>-0</Y>
        <Z>104.999893</Z>
      </Rotation>
      <Hash>-2037125726</Hash>
      <Dynamic>false</Dynamic>
      <Quaternion>
        <X>0</X>
        <Y>0</Y>
        <Z>0.7933528</Z>
        <W>0.608762145</W>
      </Quaternion>
      <Door>false</Door>
    </MapObject>
    <MapObject>
      <Type>Prop</Type>
      <Position>
        <X>-1565.50366</X>
        <Y>-574.8019</Y>
        <Z>86.62194</Z>
      </Position>
      <Rotation>
        <X>0</X>
        <Y>0</Y>
        <Z>-80.19993</Z>
      </Rotation>
      <Hash>-2037125726</Hash>
      <Dynamic>false</Dynamic>
      <Quaternion>
        <X>0</X>
        <Y>0</Y>
        <Z>-0.6441232</Z>
        <W>0.7649218</W>
      </Quaternion>
      <Door>false</Door>
    </MapObject>
    <MapObject>
      <Type>Prop</Type>
      <Position>
        <X>-1585.98438</X>
        <Y>-581.1415</Y>
        <Z>100.796165</Z>
      </Position>
      <Rotation>
        <X>0</X>
        <Y>0</Y>
        <Z>-54.099926</Z>
      </Rotation>
      <Hash>368191321</Hash>
      <Dynamic>false</Dynamic>
      <Quaternion>
        <X>0</X>
        <Y>0</Y>
        <Z>-0.454767346</Z>
        <W>0.8906103</W>
      </Quaternion>
      <Door>false</Door>
    </MapObject>
    <MapObject>
      <Type>Prop</Type>
      <Position>
        <X>-1586.56226</X>
        <Y>-580.3491</Y>
        <Z>100.797066</Z>
      </Position>
      <Rotation>
        <X>0</X>
        <Y>0</Y>
        <Z>-54.099926</Z>
      </Rotation>
      <Hash>368191321</Hash>
      <Dynamic>false</Dynamic>
      <Quaternion>
        <X>0</X>
        <Y>0</Y>
        <Z>-0.454767346</Z>
        <W>0.8906103</W>
      </Quaternion>
      <Door>false</Door>
    </MapObject>
    <MapObject>
      <Type>Prop</Type>
      <Position>
        <X>-1569.15466</X>
        <Y>-579.8144</Y>
        <Z>96.19154</Z>
      </Position>
      <Rotation>
        <X>0</X>
        <Y>0</Y>
        <Z>0</Z>
      </Rotation>
      <Hash>-314623274</Hash>
      <Dynamic>false</Dynamic>
      <Quaternion>
        <X>0</X>
        <Y>0</Y>
        <Z>0</Z>
        <W>1</W>
      </Quaternion>
      <Door>false</Door>
    </MapObject>
    <MapObject>
      <Type>Prop</Type>
      <Position>
        <X>-1568.39868</X>
        <Y>-575.7775</Y>
        <Z>96.19154</Z>
      </Position>
      <Rotation>
        <X>0</X>
        <Y>0</Y>
        <Z>0</Z>
      </Rotation>
      <Hash>322248450</Hash>
      <Dynamic>false</Dynamic>
      <Quaternion>
        <X>0</X>
        <Y>0</Y>
        <Z>0</Z>
        <W>1</W>
      </Quaternion>
      <Door>false</Door>
    </MapObject>
    <MapObject>
      <Type>Prop</Type>
      <Position>
        <X>-1565.62646</X>
        <Y>-574.026062</Y>
        <Z>97.08835</Z>
      </Position>
      <Rotation>
        <X>0</X>
        <Y>0</Y>
        <Z>-81.99992</Z>
      </Rotation>
      <Hash>1299967108</Hash>
      <Dynamic>false</Dynamic>
      <Quaternion>
        <X>0</X>
        <Y>0</Y>
        <Z>-0.6560586</Z>
        <W>0.754709959</W>
      </Quaternion>
      <Door>false</Door>
    </MapObject>
    <MapObject>
      <Type>Prop</Type>
      <Position>
        <X>-1565.5127</X>
        <Y>-574.714844</Y>
        <Z>97.08424</Z>
      </Position>
      <Rotation>
        <X>0</X>
        <Y>0</Y>
        <Z>-82.99988</Z>
      </Rotation>
      <Hash>1299967108</Hash>
      <Dynamic>false</Dynamic>
      <Quaternion>
        <X>0</X>
        <Y>0</Y>
        <Z>-0.6626193</Z>
        <W>0.7489564</W>
      </Quaternion>
      <Door>false</Door>
    </MapObject>
    <MapObject>
      <Type>Prop</Type>
      <Position>
        <X>-1568.12756</X>
        <Y>-574.8749</Y>
        <Z>97.09433</Z>
      </Position>
      <Rotation>
        <X>0</X>
        <Y>0</Y>
        <Z>0</Z>
      </Rotation>
      <Hash>-1279805564</Hash>
      <Dynamic>false</Dynamic>
      <Quaternion>
        <X>0</X>
        <Y>0</Y>
        <Z>0</Z>
        <W>1</W>
      </Quaternion>
      <Door>false</Door>
    </MapObject>
    <MapObject>
      <Type>Prop</Type>
      <Position>
        <X>-1568.13818</X>
        <Y>-574.9649</Y>
        <Z>97.09433</Z>
      </Position>
      <Rotation>
        <X>0</X>
        <Y>0</Y>
        <Z>0</Z>
      </Rotation>
      <Hash>518638935</Hash>
      <Dynamic>false</Dynamic>
      <Quaternion>
        <X>0</X>
        <Y>0</Y>
        <Z>0</Z>
        <W>1</W>
      </Quaternion>
      <Door>false</Door>
    </MapObject>
    <MapObject>
      <Type>Prop</Type>
      <Position>
        <X>-1569.52844</X>
        <Y>-570.262</Y>
        <Z>90.8458252</Z>
      </Position>
      <Rotation>
        <X>0</X>
        <Y>0</Y>
        <Z>15.99999</Z>
      </Rotation>
      <Hash>690372739</Hash>
      <Dynamic>false</Dynamic>
      <Quaternion>
        <X>0</X>
        <Y>0</Y>
        <Z>0.139173016</Z>
        <W>0.9902681</W>
      </Quaternion>
      <Door>false</Door>
    </MapObject>
    <MapObject>
      <Type>Prop</Type>
      <Position>
        <X>-1574.32983</X>
        <Y>-572.2427</Y>
        <Z>86.10046</Z>
      </Position>
      <Rotation>
        <X>0</X>
        <Y>0</Y>
        <Z>0</Z>
      </Rotation>
      <Hash>938137634</Hash>
      <Dynamic>false</Dynamic>
      <Quaternion>
        <X>0</X>
        <Y>0</Y>
        <Z>0</Z>
        <W>1</W>
      </Quaternion>
      <Door>false</Door>
    </MapObject>
    <MapObject>
      <Type>Prop</Type>
      <Position>
        <X>-1574.32654</X>
        <Y>-582.199036</Y>
        <Z>85.58</Z>
      </Position>
      <Rotation>
        <X>0</X>
        <Y>-0</Y>
        <Z>126.499947</Z>
      </Rotation>
      <Hash>297107423</Hash>
      <Dynamic>false</Dynamic>
      <Quaternion>
        <X>0</X>
        <Y>0</Y>
        <Z>0.8929788</Z>
        <W>0.450098783</W>
      </Quaternion>
      <Door>false</Door>
    </MapObject>
    <MapObject>
      <Type>Prop</Type>
      <Position>
        <X>-1573.10193</X>
        <Y>-583.8982</Y>
        <Z>85.58</Z>
      </Position>
      <Rotation>
        <X>0</X>
        <Y>-0</Y>
        <Z>126.499947</Z>
      </Rotation>
      <Hash>297107423</Hash>
      <Dynamic>false</Dynamic>
      <Quaternion>
        <X>0</X>
        <Y>0</Y>
        <Z>0.8929788</Z>
        <W>0.450098753</W>
      </Quaternion>
      <Door>false</Door>
    </MapObject>
    <MapObject>
      <Type>Prop</Type>
      <Position>
        <X>-1571.8999</X>
        <Y>-585.515869</Y>
        <Z>85.58</Z>
      </Position>
      <Rotation>
        <X>0</X>
        <Y>-0</Y>
        <Z>126.499947</Z>
      </Rotation>
      <Hash>297107423</Hash>
      <Dynamic>false</Dynamic>
      <Quaternion>
        <X>0</X>
        <Y>0</Y>
        <Z>0.8929788</Z>
        <W>0.450098753</W>
      </Quaternion>
      <Door>false</Door>
    </MapObject>
    <MapObject>
      <Type>Prop</Type>
      <Position>
        <X>-1570.80969</X>
        <Y>-587.04</Y>
        <Z>85.58</Z>
      </Position>
      <Rotation>
        <X>0</X>
        <Y>-0</Y>
        <Z>126.499947</Z>
      </Rotation>
      <Hash>297107423</Hash>
      <Dynamic>false</Dynamic>
      <Quaternion>
        <X>0</X>
        <Y>0</Y>
        <Z>0.8929788</Z>
        <W>0.450098753</W>
      </Quaternion>
      <Door>false</Door>
    </MapObject>
    <MapObject>
      <Type>Prop</Type>
      <Position>
        <X>-1583.45874</X>
        <Y>-581.410461</Y>
        <Z>85.58</Z>
      </Position>
      <Rotation>
        <X>0</X>
        <Y>-0</Y>
        <Z>-144.500092</Z>
      </Rotation>
      <Hash>297107423</Hash>
      <Dynamic>false</Dynamic>
      <Quaternion>
        <X>-0</X>
        <Y>0</Y>
        <Z>0.952396035</Z>
        <W>-0.3048635</W>
      </Quaternion>
      <Door>false</Door>
    </MapObject>
    <MapObject>
      <Type>Prop</Type>
      <Position>
        <X>-1581.82666</X>
        <Y>-580.2506</Y>
        <Z>85.59</Z>
      </Position>
      <Rotation>
        <X>0</X>
        <Y>-0</Y>
        <Z>-144.500092</Z>
      </Rotation>
      <Hash>297107423</Hash>
      <Dynamic>false</Dynamic>
      <Quaternion>
        <X>0</X>
        <Y>0</Y>
        <Z>0.952396035</Z>
        <W>-0.3048635</W>
      </Quaternion>
      <Door>false</Door>
    </MapObject>
    <MapObject>
      <Type>Prop</Type>
      <Position>
        <X>-1566.06116</X>
        <Y>-577.003845</Y>
        <Z>85.59</Z>
      </Position>
      <Rotation>
        <X>0</X>
        <Y>-0</Y>
        <Z>171.299866</Z>
      </Rotation>
      <Hash>297107423</Hash>
      <Dynamic>false</Dynamic>
      <Quaternion>
        <X>0</X>
        <Y>0</Y>
        <Z>0.997119248</Z>
        <W>0.07585</W>
      </Quaternion>
      <Door>false</Door>
    </MapObject>
    <MapObject>
      <Type>Prop</Type>
      <Position>
        <X>-1567.41638</X>
        <Y>-570.3661</Y>
        <Z>85.59</Z>
      </Position>
      <Rotation>
        <X>0</X>
        <Y>-0</Y>
        <Z>-144.400085</Z>
      </Rotation>
      <Hash>297107423</Hash>
      <Dynamic>false</Dynamic>
      <Quaternion>
        <X>-0</X>
        <Y>0</Y>
        <Z>0.9521296</Z>
        <W>-0.3056946</W>
      </Quaternion>
      <Door>false</Door>
    </MapObject>
    <MapObject>
      <Type>Prop</Type>
      <Position>
        <X>-1586.47131</X>
        <Y>-563.9129</Y>
        <Z>85.58</Z>
      </Position>
      <Rotation>
        <X>0</X>
        <Y>-0</Y>
        <Z>123.599846</Z>
      </Rotation>
      <Hash>297107423</Hash>
      <Dynamic>false</Dynamic>
      <Quaternion>
        <X>0</X>
        <Y>0</Y>
        <Z>0.881302834</Z>
        <W>0.472551882</W>
      </Quaternion>
      <Door>false</Door>
    </MapObject>
    <MapObject>
      <Type>Prop</Type>
      <Position>
        <X>-1574.33142</X>
        <Y>-575.2832</Y>
        <Z>90.22829</Z>
      </Position>
      <Rotation>
        <X>0</X>
        <Y>0</Y>
        <Z>0</Z>
      </Rotation>
      <Hash>-1340405475</Hash>
      <Dynamic>false</Dynamic>
      <Quaternion>
        <X>0</X>
        <Y>0</Y>
        <Z>0</Z>
        <W>1</W>
      </Quaternion>
      <Door>false</Door>
    </MapObject>
    <MapObject>
      <Type>Prop</Type>
      <Position>
        <X>-1574.47974</X>
        <Y>-578.4425</Y>
        <Z>90.2282257</Z>
      </Position>
      <Rotation>
        <X>0</X>
        <Y>-0</Y>
        <Z>0</Z>
      </Rotation>
      <Hash>-1340405475</Hash>
      <Dynamic>false</Dynamic>
      <Quaternion>
        <X>0</X>
        <Y>0</Y>
        <Z>0</Z>
        <W>1</W>
      </Quaternion>
      <Door>false</Door>
    </MapObject>
    <MapObject>
      <Type>Prop</Type>
      <Position>
        <X>-1568.12671</X>
        <Y>-573.850952</Y>
        <Z>90.34606</Z>
      </Position>
      <Rotation>
        <X>0</X>
        <Y>-0</Y>
        <Z>0</Z>
      </Rotation>
      <Hash>-1340405475</Hash>
      <Dynamic>false</Dynamic>
      <Quaternion>
        <X>0</X>
        <Y>0</Y>
        <Z>0</Z>
        <W>1</W>
      </Quaternion>
      <Door>false</Door>
    </MapObject>
    <MapObject>
      <Type>Prop</Type>
      <Position>
        <X>-1569.444</X>
        <Y>-582.0268</Y>
        <Z>90.34606</Z>
      </Position>
      <Rotation>
        <X>0</X>
        <Y>-0</Y>
        <Z>0</Z>
      </Rotation>
      <Hash>-1340405475</Hash>
      <Dynamic>false</Dynamic>
      <Quaternion>
        <X>0</X>
        <Y>0</Y>
        <Z>0</Z>
        <W>1</W>
      </Quaternion>
      <Door>false</Door>
    </MapObject>
    <MapObject>
      <Type>Prop</Type>
      <Position>
        <X>-1576.87793</X>
        <Y>-587.2306</Y>
        <Z>90.34606</Z>
      </Position>
      <Rotation>
        <X>0</X>
        <Y>-0</Y>
        <Z>0</Z>
      </Rotation>
      <Hash>-1340405475</Hash>
      <Dynamic>false</Dynamic>
      <Quaternion>
        <X>0</X>
        <Y>0</Y>
        <Z>0</Z>
        <W>1</W>
      </Quaternion>
      <Door>false</Door>
    </MapObject>
    <MapObject>
      <Type>Prop</Type>
      <Position>
        <X>-1578.60413</X>
        <Y>-583.4931</Y>
        <Z>90.34606</Z>
      </Position>
      <Rotation>
        <X>0</X>
        <Y>-0</Y>
        <Z>0</Z>
      </Rotation>
      <Hash>-1340405475</Hash>
      <Dynamic>false</Dynamic>
      <Quaternion>
        <X>0</X>
        <Y>0</Y>
        <Z>0</Z>
        <W>1</W>
      </Quaternion>
      <Door>false</Door>
    </MapObject>
    <MapObject>
      <Type>Prop</Type>
      <Position>
        <X>-1573.75269</X>
        <Y>-581.4185</Y>
        <Z>90.34606</Z>
      </Position>
      <Rotation>
        <X>0</X>
        <Y>-0</Y>
        <Z>0</Z>
      </Rotation>
      <Hash>-1340405475</Hash>
      <Dynamic>false</Dynamic>
      <Quaternion>
        <X>0</X>
        <Y>0</Y>
        <Z>0</Z>
        <W>1</W>
      </Quaternion>
      <Door>false</Door>
    </MapObject>
    <MapObject>
      <Type>Prop</Type>
      <Position>
        <X>-1571.61487</X>
        <Y>-574.242554</Y>
        <Z>90.34606</Z>
      </Position>
      <Rotation>
        <X>0</X>
        <Y>-0</Y>
        <Z>0</Z>
      </Rotation>
      <Hash>-1340405475</Hash>
      <Dynamic>false</Dynamic>
      <Quaternion>
        <X>0</X>
        <Y>0</Y>
        <Z>0</Z>
        <W>1</W>
      </Quaternion>
      <Door>false</Door>
    </MapObject>
    <MapObject>
      <Type>Prop</Type>
      <Position>
        <X>-1573.18311</X>
        <Y>-572.5547</Y>
        <Z>90.34606</Z>
      </Position>
      <Rotation>
        <X>0</X>
        <Y>-0</Y>
        <Z>0</Z>
      </Rotation>
      <Hash>-1340405475</Hash>
      <Dynamic>false</Dynamic>
      <Quaternion>
        <X>0</X>
        <Y>0</Y>
        <Z>0</Z>
        <W>1</W>
      </Quaternion>
      <Door>false</Door>
    </MapObject>
    <MapObject>
      <Type>Prop</Type>
      <Position>
        <X>-1572.875</X>
        <Y>-567.212769</Y>
        <Z>90.34605</Z>
      </Position>
      <Rotation>
        <X>0</X>
        <Y>-0</Y>
        <Z>0</Z>
      </Rotation>
      <Hash>-1340405475</Hash>
      <Dynamic>false</Dynamic>
      <Quaternion>
        <X>0</X>
        <Y>0</Y>
        <Z>0</Z>
        <W>1</W>
      </Quaternion>
      <Door>false</Door>
    </MapObject>
    <MapObject>
      <Type>Prop</Type>
      <Position>
        <X>-1576.52563</X>
        <Y>-570.095032</Y>
        <Z>90.34605</Z>
      </Position>
      <Rotation>
        <X>0</X>
        <Y>-0</Y>
        <Z>0</Z>
      </Rotation>
      <Hash>-1340405475</Hash>
      <Dynamic>false</Dynamic>
      <Quaternion>
        <X>0</X>
        <Y>0</Y>
        <Z>0</Z>
        <W>1</W>
      </Quaternion>
      <Door>false</Door>
    </MapObject>
    <MapObject>
      <Type>Prop</Type>
      <Position>
        <X>-1580.59766</X>
        <Y>-569.9562</Y>
        <Z>90.34605</Z>
      </Position>
      <Rotation>
        <X>0</X>
        <Y>-0</Y>
        <Z>0</Z>
      </Rotation>
      <Hash>-1340405475</Hash>
      <Dynamic>false</Dynamic>
      <Quaternion>
        <X>0</X>
        <Y>0</Y>
        <Z>0</Z>
        <W>1</W>
      </Quaternion>
      <Door>false</Door>
    </MapObject>
    <MapObject>
      <Type>Prop</Type>
      <Position>
        <X>-1582.55933</X>
        <Y>-565.056152</Y>
        <Z>90.34605</Z>
      </Position>
      <Rotation>
        <X>0</X>
        <Y>-0</Y>
        <Z>0</Z>
      </Rotation>
      <Hash>-1340405475</Hash>
      <Dynamic>false</Dynamic>
      <Quaternion>
        <X>0</X>
        <Y>0</Y>
        <Z>0</Z>
        <W>1</W>
      </Quaternion>
      <Door>false</Door>
    </MapObject>
    <MapObject>
      <Type>Prop</Type>
      <Position>
        <X>-1583.06384</X>
        <Y>-576.889343</Y>
        <Z>90.22829</Z>
      </Position>
      <Rotation>
        <X>0</X>
        <Y>-0</Y>
        <Z>0</Z>
      </Rotation>
      <Hash>-1340405475</Hash>
      <Dynamic>false</Dynamic>
      <Quaternion>
        <X>0</X>
        <Y>0</Y>
        <Z>0</Z>
        <W>1</W>
      </Quaternion>
      <Door>false</Door>
    </MapObject>
    <MapObject>
      <Type>Prop</Type>
      <Position>
        <X>-1582.8772</X>
        <Y>-582.253052</Y>
        <Z>90.34606</Z>
      </Position>
      <Rotation>
        <X>0</X>
        <Y>-0</Y>
        <Z>0</Z>
      </Rotation>
      <Hash>-1340405475</Hash>
      <Dynamic>false</Dynamic>
      <Quaternion>
        <X>0</X>
        <Y>0</Y>
        <Z>0</Z>
        <W>1</W>
      </Quaternion>
      <Door>false</Door>
    </MapObject>
    <MapObject>
      <Type>Prop</Type>
      <Position>
        <X>-1587.65222</X>
        <Y>-565.821</Y>
        <Z>90.34605</Z>
      </Position>
      <Rotation>
        <X>0</X>
        <Y>-0</Y>
        <Z>0</Z>
      </Rotation>
      <Hash>-1340405475</Hash>
      <Dynamic>false</Dynamic>
      <Quaternion>
        <X>0</X>
        <Y>0</Y>
        <Z>0</Z>
        <W>1</W>
      </Quaternion>
      <Door>false</Door>
    </MapObject>
    <MapObject>
      <Type>Prop</Type>
      <Position>
        <X>-1566.056</X>
        <Y>-572.922668</Y>
        <Z>90.8458252</Z>
      </Position>
      <Rotation>
        <X>0</X>
        <Y>0</Y>
        <Z>-77.99997</Z>
      </Rotation>
      <Hash>598033448</Hash>
      <Dynamic>false</Dynamic>
      <Quaternion>
        <X>0</X>
        <Y>0</Y>
        <Z>-0.629320264</Z>
        <W>0.7771461</W>
      </Quaternion>
      <Door>false</Door>
    </MapObject>
    <MapObject>
      <Type>Prop</Type>
      <Position>
        <X>-1566.22449</X>
        <Y>-572.97</Y>
        <Z>92.22</Z>
      </Position>
      <Rotation>
        <X>0</X>
        <Y>0</Y>
        <Z>-77.99993</Z>
      </Rotation>
      <Hash>-1524180747</Hash>
      <Dynamic>false</Dynamic>
      <Quaternion>
        <X>0</X>
        <Y>0</Y>
        <Z>-0.6293199</Z>
        <W>0.777146339</W>
      </Quaternion>
      <Door>false</Door>
    </MapObject>
    <MapObject>
      <Type>Prop</Type>
      <Position>
        <X>-1571.39038</X>
        <Y>-570.6613</Y>
        <Z>90.8458252</Z>
      </Position>
      <Rotation>
        <X>0</X>
        <Y>0</Y>
        <Z>14.9999914</Z>
      </Rotation>
      <Hash>-500649904</Hash>
      <Dynamic>false</Dynamic>
      <Quaternion>
        <X>0</X>
        <Y>0</Y>
        <Z>0.130526125</Z>
        <W>0.9914449</W>
      </Quaternion>
      <Door>false</Door>
    </MapObject>
    <MapObject>
      <Type>Prop</Type>
      <Position>
        <X>-1578.62</X>
        <Y>-561.8132</Y>
        <Z>86.54</Z>
      </Position>
      <Rotation>
        <X>180</X>
        <Y>-0</Y>
        <Z>35.10031</Z>
      </Rotation>
      <Hash>181040912</Hash>
      <Dynamic>false</Dynamic>
      <Quaternion>
        <X>0.953453362</X>
        <Y>0.301540524</Y>
        <Z>0</Z>
        <W>0</W>
      </Quaternion>
      <Door>false</Door>
    </MapObject>
    <MapObject>
      <Type>Prop</Type>
      <Position>
        <X>-1574.91</X>
        <Y>-559.21</Y>
        <Z>88.04</Z>
      </Position>
      <Rotation>
        <X>180</X>
        <Y>-0</Y>
        <Z>35.1003075</Z>
      </Rotation>
      <Hash>181040912</Hash>
      <Dynamic>false</Dynamic>
      <Quaternion>
        <X>0.953453362</X>
        <Y>0.3015405</Y>
        <Z>0</Z>
        <W>0</W>
      </Quaternion>
      <Door>false</Door>
    </MapObject>
    <MapObject>
      <Type>Prop</Type>
      <Position>
        <X>-1577.03</X>
        <Y>-560.55</Y>
        <Z>86.62</Z>
      </Position>
      <Rotation>
        <X>0</X>
        <Y>0</Y>
        <Z>34.89997</Z>
      </Rotation>
      <Hash>-642608865</Hash>
      <Dynamic>false</Dynamic>
      <Quaternion>
        <X>0</X>
        <Y>0</Y>
        <Z>0.299873173</Z>
        <W>0.9539791</W>
      </Quaternion>
      <Door>false</Door>
    </MapObject>
    <MapObject>
      <Type>Prop</Type>
      <Position>
        <X>-1577.04419</X>
        <Y>-560.6612</Y>
        <Z>86.63</Z>
      </Position>
      <Rotation>
        <X>0</X>
        <Y>0</Y>
        <Z>35.19997</Z>
      </Rotation>
      <Hash>393888353</Hash>
      <Dynamic>false</Dynamic>
      <Quaternion>
        <X>0</X>
        <Y>0</Y>
        <Z>0.302369624</Z>
        <W>0.953190744</W>
      </Quaternion>
      <Door>false</Door>
    </MapObject>
    <MapObject>
      <Type>Prop</Type>
      <Position>
        <X>-1577.04419</X>
        <Y>-560.6612</Y>
        <Z>85.60737</Z>
      </Position>
      <Rotation>
        <X>0</X>
        <Y>0</Y>
        <Z>35.1999664</Z>
      </Rotation>
      <Hash>393888353</Hash>
      <Dynamic>false</Dynamic>
      <Quaternion>
        <X>0</X>
        <Y>0</Y>
        <Z>0.302369624</Z>
        <W>0.953190744</W>
      </Quaternion>
      <Door>false</Door>
    </MapObject>
    <MapObject>
      <Type>Prop</Type>
      <Position>
        <X>-1579.414</X>
        <Y>-560.8635</Y>
        <Z>85.96</Z>
      </Position>
      <Rotation>
        <X>0</X>
        <Y>-0</Y>
        <Z>124.99987</Z>
      </Rotation>
      <Hash>269934519</Hash>
      <Dynamic>false</Dynamic>
      <Quaternion>
        <X>0</X>
        <Y>0</Y>
        <Z>0.8870104</Z>
        <W>0.461749524</W>
      </Quaternion>
      <Door>false</Door>
    </MapObject>
    <MapObject>
      <Type>Prop</Type>
      <Position>
        <X>-1577.37866</X>
        <Y>-560.321045</Y>
        <Z>86.52309</Z>
      </Position>
      <Rotation>
        <X>0</X>
        <Y>0</Y>
        <Z>12.9999952</Z>
      </Rotation>
      <Hash>-272961927</Hash>
      <Dynamic>false</Dynamic>
      <Quaternion>
        <X>0</X>
        <Y>0</Y>
        <Z>0.113203175</Z>
        <W>0.9935718</W>
      </Quaternion>
      <Door>false</Door>
    </MapObject>
    <MapObject>
      <Type>Prop</Type>
      <Position>
        <X>-1578.25415</X>
        <Y>-561.142456</Y>
        <Z>86.52309</Z>
      </Position>
      <Rotation>
        <X>0</X>
        <Y>-0</Y>
        <Z>-144.999832</Z>
      </Rotation>
      <Hash>1784997875</Hash>
      <Dynamic>false</Dynamic>
      <Quaternion>
        <X>-0</X>
        <Y>0</Y>
        <Z>0.9537165</Z>
        <W>-0.300707161</W>
      </Quaternion>
      <Door>false</Door>
    </MapObject>
    <MapObject>
      <Type>Prop</Type>
      <Position>
        <X>-1577.239</X>
        <Y>-560.1072</Y>
        <Z>86.52309</Z>
      </Position>
      <Rotation>
        <X>0</X>
        <Y>0</Y>
        <Z>-58.9997177</Z>
      </Rotation>
      <Hash>148141454</Hash>
      <Dynamic>false</Dynamic>
      <Quaternion>
        <X>0</X>
        <Y>0</Y>
        <Z>-0.492421418</Z>
        <W>0.8703569</W>
      </Quaternion>
      <Door>false</Door>
    </MapObject>
    <MapObject>
      <Type>Prop</Type>
      <Position>
        <X>-1574.91</X>
        <Y>-559.21</Y>
        <Z>90.83</Z>
      </Position>
      <Rotation>
        <X>180</X>
        <Y>-0</Y>
        <Z>35.1003036</Z>
      </Rotation>
      <Hash>181040912</Hash>
      <Dynamic>false</Dynamic>
      <Quaternion>
        <X>0.953453362</X>
        <Y>0.301540464</Y>
        <Z>0</Z>
        <W>0</W>
      </Quaternion>
      <Door>false</Door>
    </MapObject>
    <MapObject>
      <Type>Prop</Type>
      <Position>
        <X>-1580.33777</X>
        <Y>-560.5827</Y>
        <Z>90.34605</Z>
      </Position>
      <Rotation>
        <X>0</X>
        <Y>-0</Y>
        <Z>0</Z>
      </Rotation>
      <Hash>-1340405475</Hash>
      <Dynamic>false</Dynamic>
      <Quaternion>
        <X>0</X>
        <Y>0</Y>
        <Z>0</Z>
        <W>1</W>
      </Quaternion>
      <Door>false</Door>
    </MapObject>
    <MapObject>
      <Type>Prop</Type>
      <Position>
        <X>-1576.67627</X>
        <Y>-561.513245</Y>
        <Z>90.34605</Z>
      </Position>
      <Rotation>
        <X>0</X>
        <Y>-0</Y>
        <Z>0</Z>
      </Rotation>
      <Hash>-1340405475</Hash>
      <Dynamic>false</Dynamic>
      <Quaternion>
        <X>0</X>
        <Y>0</Y>
        <Z>0</Z>
        <W>1</W>
      </Quaternion>
      <Door>false</Door>
    </MapObject>
    <MapObject>
      <Type>Prop</Type>
      <Position>
        <X>-1579.483</X>
        <Y>-563.14</Y>
        <Z>90.34605</Z>
      </Position>
      <Rotation>
        <X>0</X>
        <Y>-0</Y>
        <Z>0</Z>
      </Rotation>
      <Hash>-1340405475</Hash>
      <Dynamic>false</Dynamic>
      <Quaternion>
        <X>0</X>
        <Y>0</Y>
        <Z>0</Z>
        <W>1</W>
      </Quaternion>
      <Door>false</Door>
    </MapObject>
    <MapObject>
      <Type>Prop</Type>
      <Position>
        <X>-1579.22</X>
        <Y>-562.12</Y>
        <Z>86.28</Z>
      </Position>
      <Rotation>
        <X>-180</X>
        <Y>-0</Y>
        <Z>-144.900085</Z>
      </Rotation>
      <Hash>-1184592117</Hash>
      <Dynamic>false</Dynamic>
      <Quaternion>
        <X>-0.301537216</X>
        <Y>0.9534544</Y>
        <Z>0</Z>
        <W>0</W>
      </Quaternion>
      <Door>false</Door>
    </MapObject>
    <MapObject>
      <Type>Prop</Type>
      <Position>
        <X>-1579.189</X>
        <Y>-562.168457</Y>
        <Z>86.63</Z>
      </Position>
      <Rotation>
        <X>0</X>
        <Y>0</Y>
        <Z>35.1999664</Z>
      </Rotation>
      <Hash>393888353</Hash>
      <Dynamic>false</Dynamic>
      <Quaternion>
        <X>0</X>
        <Y>0</Y>
        <Z>0.302369624</Z>
        <W>0.953190744</W>
      </Quaternion>
      <Door>false</Door>
    </MapObject>
    <MapObject>
      <Type>Prop</Type>
      <Position>
        <X>-1579.189</X>
        <Y>-562.168457</Y>
        <Z>85.61</Z>
      </Position>
      <Rotation>
        <X>0</X>
        <Y>0</Y>
        <Z>35.1999664</Z>
      </Rotation>
      <Hash>393888353</Hash>
      <Dynamic>false</Dynamic>
      <Quaternion>
        <X>0</X>
        <Y>0</Y>
        <Z>0.302369624</Z>
        <W>0.953190744</W>
      </Quaternion>
      <Door>false</Door>
    </MapObject>
    <MapObject>
      <Type>Prop</Type>
      <Position>
        <X>-1579.21814</X>
        <Y>-562.085266</Y>
        <Z>86.62</Z>
      </Position>
      <Rotation>
        <X>0</X>
        <Y>0</Y>
        <Z>34.89997</Z>
      </Rotation>
      <Hash>-642608865</Hash>
      <Dynamic>false</Dynamic>
      <Quaternion>
        <X>0</X>
        <Y>0</Y>
        <Z>0.299873173</Z>
        <W>0.9539791</W>
      </Quaternion>
      <Door>false</Door>
    </MapObject>
    <MapObject>
      <Type>Prop</Type>
      <Position>
        <X>-1579.08</X>
        <Y>-562.13</Y>
        <Z>90.34</Z>
      </Position>
      <Rotation>
        <X>180</X>
        <Y>-0</Y>
        <Z>35.1003</Z>
      </Rotation>
      <Hash>181040912</Hash>
      <Dynamic>false</Dynamic>
      <Quaternion>
        <X>0.953453362</X>
        <Y>0.301540434</Y>
        <Z>0</Z>
        <W>0</W>
      </Quaternion>
      <Door>false</Door>
    </MapObject>
    <MapObject>
      <Type>Prop</Type>
      <Position>
        <X>-1580.35327</X>
        <Y>-562.5924</Y>
        <Z>86.52309</Z>
      </Position>
      <Rotation>
        <X>0</X>
        <Y>-0</Y>
        <Z>-144.999832</Z>
      </Rotation>
      <Hash>1784997875</Hash>
      <Dynamic>false</Dynamic>
      <Quaternion>
        <X>0</X>
        <Y>0</Y>
        <Z>0.9537165</Z>
        <W>-0.300707161</W>
      </Quaternion>
      <Door>false</Door>
    </MapObject>
    <MapObject>
      <Type>Prop</Type>
      <Position>
        <X>-1579.51318</X>
        <Y>-561.8838</Y>
        <Z>86.52309</Z>
      </Position>
      <Rotation>
        <X>0</X>
        <Y>-0</Y>
        <Z>-113.999649</Z>
      </Rotation>
      <Hash>148141454</Hash>
      <Dynamic>false</Dynamic>
      <Quaternion>
        <X>-0</X>
        <Y>0</Y>
        <Z>0.838668942</Z>
        <W>-0.5446416</W>
      </Quaternion>
      <Door>false</Door>
    </MapObject>
    <MapObject>
      <Type>Prop</Type>
      <Position>
        <X>-1579.65564</X>
        <Y>-562.051147</Y>
        <Z>86.52309</Z>
      </Position>
      <Rotation>
        <X>0</X>
        <Y>0</Y>
        <Z>31.99999</Z>
      </Rotation>
      <Hash>1246356548</Hash>
      <Dynamic>false</Dynamic>
      <Quaternion>
        <X>0</X>
        <Y>0</Y>
        <Z>0.2756373</Z>
        <W>0.961261749</W>
      </Quaternion>
      <Door>false</Door>
    </MapObject>
    <MapObject>
      <Type>Prop</Type>
      <Position>
        <X>-1582.72461</X>
        <Y>-561.537842</Y>
        <Z>85.31</Z>
      </Position>
      <Rotation>
        <X>0</X>
        <Y>-0</Y>
        <Z>126.200127</Z>
      </Rotation>
      <Hash>181040912</Hash>
      <Dynamic>false</Dynamic>
      <Quaternion>
        <X>0</X>
        <Y>0</Y>
        <Z>0.8917981</Z>
        <W>0.452433616</W>
      </Quaternion>
      <Door>false</Door>
    </MapObject>
    <MapObject>
      <Type>Prop</Type>
      <Position>
        <X>-1579.08</X>
        <Y>-562.14</Y>
        <Z>86.54</Z>
      </Position>
      <Rotation>
        <X>180</X>
        <Y>-0</Y>
        <Z>35.1003075</Z>
      </Rotation>
      <Hash>181040912</Hash>
      <Dynamic>false</Dynamic>
      <Quaternion>
        <X>0.953453362</X>
        <Y>0.3015405</Y>
        <Z>0</Z>
        <W>0</W>
      </Quaternion>
      <Door>false</Door>
    </MapObject>
    <MapObject>
      <Type>Prop</Type>
      <Position>
        <X>-1582.22058</X>
        <Y>-561.0188</Y>
        <Z>85.50047</Z>
      </Position>
      <Rotation>
        <X>0</X>
        <Y>0</Y>
        <Z>-53.7999344</Z>
      </Rotation>
      <Hash>181040912</Hash>
      <Dynamic>false</Dynamic>
      <Quaternion>
        <X>0</X>
        <Y>0</Y>
        <Z>-0.452434242</Z>
        <W>0.8917977</W>
      </Quaternion>
      <Door>false</Door>
    </MapObject>
    <MapObject>
      <Type>Prop</Type>
      <Position>
        <X>-1580.86743</X>
        <Y>-563.4</Y>
        <Z>87.08</Z>
      </Position>
      <Rotation>
        <X>-35.99998</X>
        <Y>90</Y>
        <Z>0</Z>
      </Rotation>
      <Hash>1065897083</Hash>
      <Dynamic>false</Dynamic>
      <Quaternion>
        <X>-0.2185079</X>
        <Y>0.672498465</Y>
        <Z>0.2185079</Z>
        <W>0.6724986</W>
      </Quaternion>
      <Door>false</Door>
    </MapObject>
    <MapObject>
      <Type>Prop</Type>
      <Position>
        <X>-1578.70313</X>
        <Y>-561.8857</Y>
        <Z>87.08</Z>
      </Position>
      <Rotation>
        <X>-35.99998</X>
        <Y>90</Y>
        <Z>0</Z>
      </Rotation>
      <Hash>1065897083</Hash>
      <Dynamic>false</Dynamic>
      <Quaternion>
        <X>-0.218507886</X>
        <Y>0.6724984</Y>
        <Z>0.218507886</Z>
        <W>0.672498643</W>
      </Quaternion>
      <Door>false</Door>
    </MapObject>
    <MapObject>
      <Type>Prop</Type>
      <Position>
        <X>-1579.61511</X>
        <Y>-564.9132</Y>
        <Z>85.58</Z>
      </Position>
      <Rotation>
        <X>0</X>
        <Y>-0</Y>
        <Z>126.299751</Z>
      </Rotation>
      <Hash>297107423</Hash>
      <Dynamic>false</Dynamic>
      <Quaternion>
        <X>0</X>
        <Y>0</Y>
        <Z>0.892191052</Z>
        <W>0.451658159</W>
      </Quaternion>
      <Door>false</Door>
    </MapObject>
    <MapObject>
      <Type>Prop</Type>
      <Position>
        <X>-1577.49939</X>
        <Y>-563.443359</Y>
        <Z>85.59</Z>
      </Position>
      <Rotation>
        <X>0</X>
        <Y>-0</Y>
        <Z>126.299751</Z>
      </Rotation>
      <Hash>297107423</Hash>
      <Dynamic>false</Dynamic>
      <Quaternion>
        <X>0</X>
        <Y>0</Y>
        <Z>0.892191052</Z>
        <W>0.451658159</W>
      </Quaternion>
      <Door>false</Door>
    </MapObject>
    <MapObject>
      <Type>Prop</Type>
      <Position>
        <X>-1578.25647</X>
        <Y>-559.9881</Y>
        <Z>85.50047</Z>
      </Position>
      <Rotation>
        <X>0</X>
        <Y>0</Y>
        <Z>36.99998</Z>
      </Rotation>
      <Hash>867556671</Hash>
      <Dynamic>false</Dynamic>
      <Quaternion>
        <X>0</X>
        <Y>0</Y>
        <Z>0.3173045</Z>
        <W>0.9483237</W>
      </Quaternion>
      <Door>false</Door>
    </MapObject>
    <MapObject>
      <Type>Prop</Type>
      <Position>
        <X>-1580.35864</X>
        <Y>-561.471863</Y>
        <Z>85.50047</Z>
      </Position>
      <Rotation>
        <X>0</X>
        <Y>0</Y>
        <Z>34.9999771</Z>
      </Rotation>
      <Hash>867556671</Hash>
      <Dynamic>false</Dynamic>
      <Quaternion>
        <X>0</X>
        <Y>0</Y>
        <Z>0.3007056</Z>
        <W>0.953717</W>
      </Quaternion>
      <Door>false</Door>
    </MapObject>
    <MapObject>
      <Type>Prop</Type>
      <Position>
        <X>-1575.35828</X>
        <Y>-561.9084</Y>
        <Z>85.59</Z>
      </Position>
      <Rotation>
        <X>0</X>
        <Y>-0</Y>
        <Z>126.299751</Z>
      </Rotation>
      <Hash>297107423</Hash>
      <Dynamic>false</Dynamic>
      <Quaternion>
        <X>0</X>
        <Y>0</Y>
        <Z>0.892191052</Z>
        <W>0.451658159</W>
      </Quaternion>
      <Door>false</Door>
    </MapObject>
    <MapObject>
      <Type>Prop</Type>
      <Position>
        <X>-1582.038</X>
        <Y>-571.2241</Y>
        <Z>91.74577</Z>
      </Position>
      <Rotation>
        <X>0</X>
        <Y>-0</Y>
        <Z>-144.000153</Z>
      </Rotation>
      <Hash>-1991361770</Hash>
      <Dynamic>false</Dynamic>
      <Quaternion>
        <X>-0</X>
        <Y>0</Y>
        <Z>0.951056957</Z>
        <W>-0.309015721</W>
      </Quaternion>
      <Door>false</Door>
    </MapObject>
    <MapObject>
      <Type>Prop</Type>
      <Position>
        <X>-1579.8</X>
        <Y>-569.41</Y>
        <Z>91.73</Z>
      </Position>
      <Rotation>
        <X>-24.601284</X>
        <Y>8.537736E-07</Y>
        <Z>-142.999847</Z>
      </Rotation>
      <Hash>557686077</Hash>
      <Dynamic>false</Dynamic>
      <Quaternion>
        <X>0.06759926</X>
        <Y>-0.202032045</Y>
        <Z>0.926552832</Z>
        <W>-0.3100215</W>
      </Quaternion>
      <Door>false</Door>
    </MapObject>
    <MapObject>
      <Type>Prop</Type>
      <Position>
        <X>-1574.823</X>
        <Y>-560.743958</Y>
        <Z>85.50047</Z>
      </Position>
      <Rotation>
        <X>0</X>
        <Y>0</Y>
        <Z>-8.999996</Z>
      </Rotation>
      <Hash>579266365</Hash>
      <Dynamic>false</Dynamic>
      <Quaternion>
        <X>0</X>
        <Y>0</Y>
        <Z>-0.07845907</Z>
        <W>0.9969173</W>
      </Quaternion>
      <Door>false</Door>
    </MapObject>
    <MapObject>
      <Type>Prop</Type>
      <Position>
        <X>-1582.724</X>
        <Y>-561.534851</Y>
        <Z>88.03</Z>
      </Position>
      <Rotation>
        <X>0</X>
        <Y>-0</Y>
        <Z>126.200127</Z>
      </Rotation>
      <Hash>181040912</Hash>
      <Dynamic>false</Dynamic>
      <Quaternion>
        <X>0</X>
        <Y>0</Y>
        <Z>0.8917981</Z>
        <W>0.4524336</W>
      </Quaternion>
      <Door>false</Door>
    </MapObject>
    <MapObject>
      <Type>Prop</Type>
      <Position>
        <X>-1583.05</X>
        <Y>-561.0664</Y>
        <Z>86.6313</Z>
      </Position>
      <Rotation>
        <X>0</X>
        <Y>-0</Y>
        <Z>125.899849</Z>
      </Rotation>
      <Hash>1240350830</Hash>
      <Dynamic>false</Dynamic>
      <Quaternion>
        <X>0</X>
        <Y>0</Y>
        <Z>0.8906094</Z>
        <W>0.454769045</W>
      </Quaternion>
      <Door>false</Door>
    </MapObject>
    <MapObject>
      <Type>Prop</Type>
      <Position>
        <X>-1582.94</X>
        <Y>-560.0533</Y>
        <Z>86.62113</Z>
      </Position>
      <Rotation>
        <X>0</X>
        <Y>0</Y>
        <Z>-54.1002274</Z>
      </Rotation>
      <Hash>1240350830</Hash>
      <Dynamic>false</Dynamic>
      <Quaternion>
        <X>0</X>
        <Y>0</Y>
        <Z>-0.454769641</Z>
        <W>0.8906091</W>
      </Quaternion>
      <Door>false</Door>
    </MapObject>
    <MapObject>
      <Type>Prop</Type>
      <Position>
        <X>-1584.4425</X>
        <Y>-559.6087</Y>
        <Z>88.00434</Z>
      </Position>
      <Rotation>
        <X>0</X>
        <Y>0</Y>
        <Z>26.9999847</Z>
      </Rotation>
      <Hash>-1884701657</Hash>
      <Dynamic>false</Dynamic>
      <Quaternion>
        <X>0</X>
        <Y>0</Y>
        <Z>0.233445242</Z>
        <W>0.972369969</W>
      </Quaternion>
      <Door>false</Door>
    </MapObject>
    <MapObject>
      <Type>Prop</Type>
      <Position>
        <X>-1580.70227</X>
        <Y>-558.863037</Y>
        <Z>88.1854</Z>
      </Position>
      <Rotation>
        <X>0</X>
        <Y>0</Y>
        <Z>1.99997938</Z>
      </Rotation>
      <Hash>-1884701657</Hash>
      <Dynamic>false</Dynamic>
      <Quaternion>
        <X>0</X>
        <Y>0</Y>
        <Z>0.017452227</Z>
        <W>0.9998477</W>
      </Quaternion>
      <Door>false</Door>
    </MapObject>
    <MapObject>
      <Type>Prop</Type>
      <Position>
        <X>-1582.22058</X>
        <Y>-561.0188</Y>
        <Z>88.02</Z>
      </Position>
      <Rotation>
        <X>0</X>
        <Y>0</Y>
        <Z>-53.7999344</Z>
      </Rotation>
      <Hash>181040912</Hash>
      <Dynamic>false</Dynamic>
      <Quaternion>
        <X>0</X>
        <Y>0</Y>
        <Z>-0.4524342</Z>
        <W>0.8917977</W>
      </Quaternion>
      <Door>false</Door>
    </MapObject>
    <MapObject>
      <Type>Prop</Type>
      <Position>
        <X>-1577.38611</X>
        <Y>-565.518066</Y>
        <Z>85.50047</Z>
      </Position>
      <Rotation>
        <X>0</X>
        <Y>0</Y>
        <Z>0</Z>
      </Rotation>
      <Hash>1485377863</Hash>
      <Dynamic>false</Dynamic>
      <Quaternion>
        <X>0</X>
        <Y>0</Y>
        <Z>0</Z>
        <W>1</W>
      </Quaternion>
      <Door>false</Door>
    </MapObject>
    <MapObject>
      <Type>Prop</Type>
      <Position>
        <X>-1585.41174</X>
        <Y>-581.9268</Y>
        <Z>100.795761</Z>
      </Position>
      <Rotation>
        <X>0</X>
        <Y>0</Y>
        <Z>-54.099926</Z>
      </Rotation>
      <Hash>368191321</Hash>
      <Dynamic>false</Dynamic>
      <Quaternion>
        <X>0</X>
        <Y>0</Y>
        <Z>-0.454767346</Z>
        <W>0.8906103</W>
      </Quaternion>
      <Door>false</Door>
    </MapObject>
    <MapObject>
      <Type>Prop</Type>
      <Position>
        <X>-1589.71045</X>
        <Y>-564.872</Y>
        <Z>85.50047</Z>
      </Position>
      <Rotation>
        <X>0</X>
        <Y>0</Y>
        <Z>36.1000366</Z>
      </Rotation>
      <Hash>1874766238</Hash>
      <Dynamic>true</Dynamic>
      <Quaternion>
        <X>0</X>
        <Y>0</Y>
        <Z>0.309847176</Z>
        <W>0.950786352</W>
      </Quaternion>
      <Door>false</Door>
    </MapObject>
    <MapObject>
      <Type>Prop</Type>
      <Position>
        <X>-1588.80811</X>
        <Y>-565.24115</Y>
        <Z>85.58</Z>
      </Position>
      <Rotation>
        <X>0</X>
        <Y>-0</Y>
        <Z>123.599846</Z>
      </Rotation>
      <Hash>297107423</Hash>
      <Dynamic>false</Dynamic>
      <Quaternion>
        <X>0</X>
        <Y>0</Y>
        <Z>0.881302834</Z>
        <W>0.472551852</W>
      </Quaternion>
      <Door>false</Door>
    </MapObject>
    <MapObject>
      <Type>Prop</Type>
      <Position>
        <X>-1576.18408</X>
        <Y>-572.2416</Y>
        <Z>85.50454</Z>
      </Position>
      <Rotation>
        <X>0</X>
        <Y>0</Y>
        <Z>0</Z>
      </Rotation>
      <Hash>573740096</Hash>
      <Dynamic>false</Dynamic>
      <Quaternion>
        <X>0</X>
        <Y>0</Y>
        <Z>0</Z>
        <W>1</W>
      </Quaternion>
      <Door>false</Door>
    </MapObject>
    <MapObject>
      <Type>Prop</Type>
      <Position>
        <X>-1576.517</X>
        <Y>-573.055054</Y>
        <Z>85.97</Z>
      </Position>
      <Rotation>
        <X>0</X>
        <Y>0</Y>
        <Z>-29.9999619</Z>
      </Rotation>
      <Hash>2100457476</Hash>
      <Dynamic>false</Dynamic>
      <Quaternion>
        <X>0</X>
        <Y>0</Y>
        <Z>-0.258818746</Z>
        <W>0.9659259</W>
      </Quaternion>
      <Door>false</Door>
    </MapObject>
    <MapObject>
      <Type>Prop</Type>
      <Position>
        <X>-1578.55688</X>
        <Y>-576.509644</Y>
        <Z>84.63</Z>
      </Position>
      <Rotation>
        <X>0</X>
        <Y>-0</Y>
        <Z>-125.500092</Z>
      </Rotation>
      <Hash>-643813287</Hash>
      <Dynamic>false</Dynamic>
      <Quaternion>
        <X>-0</X>
        <Y>0</Y>
        <Z>0.8890175</Z>
        <W>-0.4578732</W>
      </Quaternion>
      <Door>false</Door>
    </MapObject>
    <MapObject>
      <Type>Prop</Type>
      <Position>
        <X>-1587.53577</X>
        <Y>-566.900269</Y>
        <Z>90.93</Z>
      </Position>
      <Rotation>
        <X>0</X>
        <Y>-0</Y>
        <Z>126.899788</Z>
      </Rotation>
      <Hash>297107423</Hash>
      <Dynamic>false</Dynamic>
      <Quaternion>
        <X>0</X>
        <Y>0</Y>
        <Z>0.8945438</Z>
        <W>0.446980238</W>
      </Quaternion>
      <Door>false</Door>
    </MapObject>
    <MapObject>
      <Type>Prop</Type>
      <Position>
        <X>-1581.46</X>
        <Y>-570.8047</Y>
        <Z>91.74577</Z>
      </Position>
      <Rotation>
        <X>0</X>
        <Y>-0</Y>
        <Z>-144.000153</Z>
      </Rotation>
      <Hash>-1991361770</Hash>
      <Dynamic>false</Dynamic>
      <Quaternion>
        <X>0</X>
        <Y>0</Y>
        <Z>0.951056957</Z>
        <W>-0.309015721</W>
      </Quaternion>
      <Door>false</Door>
    </MapObject>
    <MapObject>
      <Type>Prop</Type>
      <Position>
        <X>-1580.88</X>
        <Y>-570.3765</Y>
        <Z>91.74577</Z>
      </Position>
      <Rotation>
        <X>0</X>
        <Y>-0</Y>
        <Z>-144.000153</Z>
      </Rotation>
      <Hash>-1991361770</Hash>
      <Dynamic>false</Dynamic>
      <Quaternion>
        <X>0</X>
        <Y>0</Y>
        <Z>0.951056957</Z>
        <W>-0.309015721</W>
      </Quaternion>
      <Door>false</Door>
    </MapObject>
    <MapObject>
      <Type>Prop</Type>
      <Position>
        <X>-1580.29431</X>
        <Y>-569.9536</Y>
        <Z>91.74577</Z>
      </Position>
      <Rotation>
        <X>0</X>
        <Y>-0</Y>
        <Z>-144.000153</Z>
      </Rotation>
      <Hash>-1991361770</Hash>
      <Dynamic>false</Dynamic>
      <Quaternion>
        <X>0</X>
        <Y>0</Y>
        <Z>0.951056957</Z>
        <W>-0.309015721</W>
      </Quaternion>
      <Door>false</Door>
    </MapObject>
    <MapObject>
      <Type>Prop</Type>
      <Position>
        <X>-1579.71</X>
        <Y>-569.527954</Y>
        <Z>91.74577</Z>
      </Position>
      <Rotation>
        <X>0</X>
        <Y>-0</Y>
        <Z>-144.000153</Z>
      </Rotation>
      <Hash>-1991361770</Hash>
      <Dynamic>false</Dynamic>
      <Quaternion>
        <X>0</X>
        <Y>0</Y>
        <Z>0.951056957</Z>
        <W>-0.309015721</W>
      </Quaternion>
      <Door>false</Door>
    </MapObject>
    <MapObject>
      <Type>Prop</Type>
      <Position>
        <X>-1577.15625</X>
        <Y>-568.564148</Y>
        <Z>90.84581</Z>
      </Position>
      <Rotation>
        <X>0</X>
        <Y>-0</Y>
        <Z>-139.999847</Z>
      </Rotation>
      <Hash>-500649904</Hash>
      <Dynamic>false</Dynamic>
      <Quaternion>
        <X>-0</X>
        <Y>0</Y>
        <Z>0.93969214</Z>
        <W>-0.342021376</W>
      </Quaternion>
      <Door>false</Door>
    </MapObject>
    <MapObject>
      <Type>Prop</Type>
      <Position>
        <X>-1579.68823</X>
        <Y>-569.555</Y>
        <Z>92.67583</Z>
      </Position>
      <Rotation>
        <X>0</X>
        <Y>-0</Y>
        <Z>-142.999817</Z>
      </Rotation>
      <Hash>-1524180747</Hash>
      <Dynamic>false</Dynamic>
      <Quaternion>
        <X>-0</X>
        <Y>0</Y>
        <Z>0.9483232</Z>
        <W>-0.317306042</W>
      </Quaternion>
      <Door>false</Door>
    </MapObject>
    <MapObject>
      <Type>Prop</Type>
      <Position>
        <X>-1580.88184</X>
        <Y>-570.401855</Y>
        <Z>92.6756744</Z>
      </Position>
      <Rotation>
        <X>0</X>
        <Y>-0</Y>
        <Z>-143.9998</Z>
      </Rotation>
      <Hash>-1524180747</Hash>
      <Dynamic>false</Dynamic>
      <Quaternion>
        <X>-0</X>
        <Y>0</Y>
        <Z>0.951056</Z>
        <W>-0.309018523</W>
      </Quaternion>
      <Door>false</Door>
    </MapObject>
    <MapObject>
      <Type>Prop</Type>
      <Position>
        <X>-1582.02368</X>
        <Y>-571.231445</Y>
        <Z>92.67563</Z>
      </Position>
      <Rotation>
        <X>0</X>
        <Y>-0</Y>
        <Z>-143.9998</Z>
      </Rotation>
      <Hash>-1524180747</Hash>
      <Dynamic>false</Dynamic>
      <Quaternion>
        <X>0</X>
        <Y>0</Y>
        <Z>0.951056</Z>
        <W>-0.309018523</W>
      </Quaternion>
      <Door>false</Door>
    </MapObject>
    <MapObject>
      <Type>Prop</Type>
      <Position>
        <X>-1580.39</X>
        <Y>-569.84</Y>
        <Z>91.73</Z>
      </Position>
      <Rotation>
        <X>-24.601284</X>
        <Y>-0</Y>
        <Z>-142.999847</Z>
      </Rotation>
      <Hash>557686077</Hash>
      <Dynamic>false</Dynamic>
      <Quaternion>
        <X>0.06759925</X>
        <Y>-0.20203203</Y>
        <Z>0.9265528</Z>
        <W>-0.31002146</W>
      </Quaternion>
      <Door>false</Door>
    </MapObject>
    <MapObject>
      <Type>Prop</Type>
      <Position>
        <X>-1580.98</X>
        <Y>-570.26</Y>
        <Z>91.72</Z>
      </Position>
      <Rotation>
        <X>-24.601284</X>
        <Y>-8.537737E-07</Y>
        <Z>-142.999847</Z>
      </Rotation>
      <Hash>557686077</Hash>
      <Dynamic>false</Dynamic>
      <Quaternion>
        <X>0.06759925</X>
        <Y>-0.20203203</Y>
        <Z>0.9265528</Z>
        <W>-0.31002143</W>
      </Quaternion>
      <Door>false</Door>
    </MapObject>
    <MapObject>
      <Type>Prop</Type>
      <Position>
        <X>-1581.58057</X>
        <Y>-570.6757</Y>
        <Z>91.74</Z>
      </Position>
      <Rotation>
        <X>-24.6012821</X>
        <Y>-8.537737E-07</Y>
        <Z>-142.999863</Z>
      </Rotation>
      <Hash>557686077</Hash>
      <Dynamic>false</Dynamic>
      <Quaternion>
        <X>0.06759925</X>
        <Y>-0.20203203</Y>
        <Z>0.9265528</Z>
        <W>-0.3100214</W>
      </Quaternion>
      <Door>false</Door>
    </MapObject>
    <MapObject>
      <Type>Vehicle</Type>
      <Position>
        <X>-1578.68188</X>
        <Y>-588.0588</Y>
        <Z>85.97387</Z>
      </Position>
      <Rotation>
        <X>0.7715766</X>
        <Y>-9.999662</Y>
        <Z>-31.7265129</Z>
      </Rotation>
      <Hash>301427732</Hash>
      <Dynamic>false</Dynamic>
      <Quaternion>
        <X>-0.0173698589</X>
        <Y>-0.0856652856</Y>
        <Z>-0.271731645</Z>
        <W>0.9583953</W>
      </Quaternion>
      <SirensActive>false</SirensActive>
      <PrimaryColor>111</PrimaryColor>
      <SecondaryColor>58</SecondaryColor>
    </MapObject>
    <MapObject>
      <Type>Vehicle</Type>
      <Position>
        <X>-1578.58044</X>
        <Y>-583.607666</Y>
        <Z>86.12109</Z>
      </Position>
      <Rotation>
        <X>-0.03508343</X>
        <Y>3.61019545E-07</Y>
        <Z>-88.6409149</Z>
      </Rotation>
      <Hash>384071873</Hash>
      <Dynamic>false</Dynamic>
      <Quaternion>
        <X>-0.0002190384</X>
        <Y>0.00021390777</Y>
        <Z>-0.698670745</Z>
        <W>0.715443254</W>
      </Quaternion>
      <SirensActive>false</SirensActive>
      <PrimaryColor>6</PrimaryColor>
      <SecondaryColor>0</SecondaryColor>
    </MapObject>
    <MapObject>
      <Type>Vehicle</Type>
      <Position>
        <X>-1576.15369</X>
        <Y>-587.564331</Y>
        <Z>85.9752045</Z>
      </Position>
      <Rotation>
        <X>1.07276487</X>
        <Y>-9.998566</Y>
        <Z>-20.87635</Z>
      </Rotation>
      <Hash>741090084</Hash>
      <Dynamic>false</Dynamic>
      <Quaternion>
        <X>-0.0066158874</X>
        <Y>-0.08738702</Y>
        <Z>-0.179675072</Z>
        <W>0.9798146</W>
      </Quaternion>
      <SirensActive>false</SirensActive>
      <PrimaryColor>50</PrimaryColor>
      <SecondaryColor>49</SecondaryColor>
    </MapObject>
    <MapObject>
      <Type>Ped</Type>
      <Position>
        <X>-1573.813</X>
        <Y>-574.872253</Y>
        <Z>86.50459</Z>
      </Position>
      <Rotation>
        <X>0.00250467984</X>
        <Y>-0</Y>
        <Z>0.148591846</Z>
      </Rotation>
      <Hash>32417469</Hash>
      <Dynamic>true</Dynamic>
      <Quaternion>
        <X>2.18574369E-05</X>
        <Y>2.83427415E-08</Y>
        <Z>0.00129670824</Z>
        <W>0.999999166</W>
      </Quaternion>
      <Action>None</Action>
      <Relationship>Companion</Relationship>
      <Weapon>Unarmed</Weapon>
    </MapObject>
  </Objects>
  <Markers />
  <Metadata>
    <Creator>Leone</Creator>
    <Name>Cassino</Name>
    <Description />
    <LoadingPoint xsi:nil="true" />
    <TeleportPoint xsi:nil="true" />
  </Metadata>
</Map>